7zip
7zip.commandline
7zip.install
7zip.portable
audacity
autohotkey
autohotkey.install
autohotkey.portable
autohotkey_l
autoit.commandline
beyondcompare
ccleaner
chocolatey
chocolatey-core.extension
chocolatey-windowsupdate.extension
chocolateygui
chromium
Cmder
ConEmu
cpu-z
cpu-z.install
curl
ctags
cutepdf
defraggler
docker-desktop
DotNet4.5
DotNet4.5.2 
DotNet4.6.1
dotnet4.7.1 
dotnetfx
f.lux 
f.lux.install
ffmpeg
fiddler
filezilla
Firefox
flashplayeractivex
flashplayerplugin
foxitreader
fzf
Ghostscript.app
gimp
git
git.commandline
git.install
git.portable
gitextensions
gitkraken
GoogleChrome
googledrive
greenshot
hyper
java.jdk
javaruntime
jre8
k-litecodecpackbasic
KB2670838
KB2919355
KB2919442
KB2999226
KB3033929
KB3035131
kdiff3
lessmsi
libjpeg-turbo
libreoffice
libreoffice-fresh
mm-choco.extension
mp3tag
msysgit
mysql.workbench
neovim
nimbletext
nmap
nodejs
nodejs.install
notepadplusplus
notepadplusplus.commandline
notepadplusplus.install
nuget.commandline
paint.net
PDFCreator
poshgit
PowerShell
powershell-core
procmon
PSWindowsUpdate
puppet-agent.portable
putty.install
python
python3
rapidee
Recuva
ruby
ruby.devkit
ruby.portable
rvtools
scriptcs
snoop
SourceCodePro
speccy
sublimetext3
SublimeText3.PowershellAlias
sysinternals
teamviewer
teracopy
terminus
vcredist140
vcredist2010
vcredist2015
VirtualCloneDrive
VisualCppBuildTools
visualstudiocode 
vlc
vmware-powercli-psmodule
vmwareworkstation
vscode
Wget
wincdemu
windbg
windirstat
winmerge
winscp
winscp.install
wsltty
Xming
Yeoman
yo
